../Core/Src/main.c:136:5:pressForFrecuency	16	static
../Core/Src/main.c:142:6:playTone	40	static
../Core/Src/main.c:156:6:noTone	4	static
../Core/Src/main.c:160:6:generarsen	16	static
../Core/Src/main.c:165:5:calcularAutoreload	24	static
../Core/Src/main.c:172:6:playToneDAC	40	static
../Core/Src/main.c:185:6:noToneDAC	4	static
../Core/Src/main.c:194:5:main	136	static
../Core/Src/main.c:269:6:SystemClock_Config	88	static
../Core/Src/main.c:317:13:MX_DAC_Init	16	static
../Core/Src/main.c:357:13:MX_TIM1_Init	96	static
../Core/Src/main.c:431:13:MX_TIM6_Init	16	static
../Core/Src/main.c:469:13:MX_USART2_UART_Init	8	static
../Core/Src/main.c:500:13:MX_DMA_Init	16	static
../Core/Src/main.c:518:13:MX_GPIO_Init	48	static
../Core/Src/main.c:543:6:HAL_UART_RxCpltCallback	16	static
../Core/Src/main.c:552:6:Error_Handler	4	static,ignoring_inline_asm
