../Core/Src/main.c:119:5:pressForFrecuency	16	static
../Core/Src/main.c:125:6:playTone	40	static
../Core/Src/main.c:139:6:noTone	4	static
../Core/Src/main.c:148:5:main	128	static
../Core/Src/main.c:216:6:SystemClock_Config	88	static
../Core/Src/main.c:264:13:MX_TIM1_Init	96	static
../Core/Src/main.c:338:13:MX_USART2_UART_Init	8	static
../Core/Src/main.c:371:13:MX_GPIO_Init	48	static
../Core/Src/main.c:406:6:HAL_UART_RxCpltCallback	16	static
../Core/Src/main.c:415:6:Error_Handler	4	static,ignoring_inline_asm
