../Core/Src/main.c:217:5:pressForFrecuency	16	static
../Core/Src/main.c:223:6:playTone	40	static
../Core/Src/main.c:237:6:noTone	4	static
../Core/Src/main.c:243:6:generarsen	16	static
../Core/Src/main.c:248:5:calcularAutoreload	24	static
../Core/Src/main.c:255:6:playToneDAC	40	static
../Core/Src/main.c:274:6:noToneDAC	4	static
../Core/Src/main.c:283:5:main	16	static
../Core/Src/main.c:361:6:SystemClock_Config	88	static
../Core/Src/main.c:409:13:MX_DAC_Init	16	static
../Core/Src/main.c:449:13:MX_TIM1_Init	96	static
../Core/Src/main.c:523:13:MX_TIM6_Init	16	static
../Core/Src/main.c:561:13:MX_USART2_UART_Init	8	static
../Core/Src/main.c:592:13:MX_DMA_Init	16	static
../Core/Src/main.c:610:13:MX_GPIO_Init	48	static
../Core/Src/main.c:635:6:HAL_UART_RxCpltCallback	16	static
../Core/Src/main.c:645:6:Error_Handler	4	static,ignoring_inline_asm
