Archive member included to satisfy reference by file (symbol)

C:/ST/STM32CubeIDE_2.1.0/STM32CubeIDE/plugins/com.st.stm32cube.ide.mcu.externaltools.gnu-tools-for-stm32.14.3.rel1.win32_1.0.100.202602081740/tools/bin/../lib/gcc/arm-none-eabi/14.3.1/../../../../arm-none-eabi/lib/thumb/v7e-m+fp/hard\libc_nano.a(libc_a-exit.o)
                              C:/ST/STM32CubeIDE_2.1.0/STM32CubeIDE/plugins/com.st.stm32cube.ide.mcu.externaltools.gnu-tools-for-stm32.14.3.rel1.win32_1.0.100.202602081740/tools/bin/../lib/gcc/arm-none-eabi/14.3.1/../../../../arm-none-eabi/lib/thumb/v7e-m+fp/hard/crt0.o (exit)
C:/ST/STM32CubeIDE_2.1.0/STM32CubeIDE/plugins/com.st.stm32cube.ide.mcu.externaltools.gnu-tools-for-stm32.14.3.rel1.win32_1.0.100.202602081740/tools/bin/../lib/gcc/arm-none-eabi/14.3.1/../../../../arm-none-eabi/lib/thumb/v7e-m+fp/hard\libc_nano.a(libc_a-findfp.o)
                              C:/ST/STM32CubeIDE_2.1.0/STM32CubeIDE/plugins/com.st.stm32cube.ide.mcu.externaltools.gnu-tools-for-stm32.14.3.rel1.win32_1.0.100.202602081740/tools/bin/../lib/gcc/arm-none-eabi/14.3.1/../../../../arm-none-eabi/lib/thumb/v7e-m+fp/hard\libc_nano.a(libc_a-exit.o) (__stdio_exit_handler)
C:/ST/STM32CubeIDE_2.1.0/STM32CubeIDE/plugins/com.st.stm32cube.ide.mcu.externaltools.gnu-tools-for-stm32.14.3.rel1.win32_1.0.100.202602081740/tools/bin/../lib/gcc/arm-none-eabi/14.3.1/../../../../arm-none-eabi/lib/thumb/v7e-m+fp/hard\libc_nano.a(libc_a-fwalk.o)
                              C:/ST/STM32CubeIDE_2.1.0/STM32CubeIDE/plugins/com.st.stm32cube.ide.mcu.externaltools.gnu-tools-for-stm32.14.3.rel1.win32_1.0.100.202602081740/tools/bin/../lib/gcc/arm-none-eabi/14.3.1/../../../../arm-none-eabi/lib/thumb/v7e-m+fp/hard\libc_nano.a(libc_a-findfp.o) (_fwalk_sglue)
C:/ST/STM32CubeIDE_2.1.0/STM32CubeIDE/plugins/com.st.stm32cube.ide.mcu.externaltools.gnu-tools-for-stm32.14.3.rel1.win32_1.0.100.202602081740/tools/bin/../lib/gcc/arm-none-eabi/14.3.1/../../../../arm-none-eabi/lib/thumb/v7e-m+fp/hard\libc_nano.a(libc_a-stdio.o)
                              C:/ST/STM32CubeIDE_2.1.0/STM32CubeIDE/plugins/com.st.stm32cube.ide.mcu.externaltools.gnu-tools-for-stm32.14.3.rel1.win32_1.0.100.202602081740/tools/bin/../lib/gcc/arm-none-eabi/14.3.1/../../../../arm-none-eabi/lib/thumb/v7e-m+fp/hard\libc_nano.a(libc_a-findfp.o) (__sread)
C:/ST/STM32CubeIDE_2.1.0/STM32CubeIDE/plugins/com.st.stm32cube.ide.mcu.externaltools.gnu-tools-for-stm32.14.3.rel1.win32_1.0.100.202602081740/tools/bin/../lib/gcc/arm-none-eabi/14.3.1/../../../../arm-none-eabi/lib/thumb/v7e-m+fp/hard\libc_nano.a(libc_a-memset.o)
                              C:/ST/STM32CubeIDE_2.1.0/STM32CubeIDE/plugins/com.st.stm32cube.ide.mcu.externaltools.gnu-tools-for-stm32.14.3.rel1.win32_1.0.100.202602081740/tools/bin/../lib/gcc/arm-none-eabi/14.3.1/../../../../arm-none-eabi/lib/thumb/v7e-m+fp/hard/crt0.o (memset)
C:/ST/STM32CubeIDE_2.1.0/STM32CubeIDE/plugins/com.st.stm32cube.ide.mcu.externaltools.gnu-tools-for-stm32.14.3.rel1.win32_1.0.100.202602081740/tools/bin/../lib/gcc/arm-none-eabi/14.3.1/../../../../arm-none-eabi/lib/thumb/v7e-m+fp/hard\libc_nano.a(libc_a-closer.o)
                              C:/ST/STM32CubeIDE_2.1.0/STM32CubeIDE/plugins/com.st.stm32cube.ide.mcu.externaltools.gnu-tools-for-stm32.14.3.rel1.win32_1.0.100.202602081740/tools/bin/../lib/gcc/arm-none-eabi/14.3.1/../../../../arm-none-eabi/lib/thumb/v7e-m+fp/hard\libc_nano.a(libc_a-stdio.o) (_close_r)
C:/ST/STM32CubeIDE_2.1.0/STM32CubeIDE/plugins/com.st.stm32cube.ide.mcu.externaltools.gnu-tools-for-stm32.14.3.rel1.win32_1.0.100.202602081740/tools/bin/../lib/gcc/arm-none-eabi/14.3.1/../../../../arm-none-eabi/lib/thumb/v7e-m+fp/hard\libc_nano.a(libc_a-reent.o)
                              C:/ST/STM32CubeIDE_2.1.0/STM32CubeIDE/plugins/com.st.stm32cube.ide.mcu.externaltools.gnu-tools-for-stm32.14.3.rel1.win32_1.0.100.202602081740/tools/bin/../lib/gcc/arm-none-eabi/14.3.1/../../../../arm-none-eabi/lib/thumb/v7e-m+fp/hard\libc_nano.a(libc_a-closer.o) (errno)
C:/ST/STM32CubeIDE_2.1.0/STM32CubeIDE/plugins/com.st.stm32cube.ide.mcu.externaltools.gnu-tools-for-stm32.14.3.rel1.win32_1.0.100.202602081740/tools/bin/../lib/gcc/arm-none-eabi/14.3.1/../../../../arm-none-eabi/lib/thumb/v7e-m+fp/hard\libc_nano.a(libc_a-impure.o)
                              C:/ST/STM32CubeIDE_2.1.0/STM32CubeIDE/plugins/com.st.stm32cube.ide.mcu.externaltools.gnu-tools-for-stm32.14.3.rel1.win32_1.0.100.202602081740/tools/bin/../lib/gcc/arm-none-eabi/14.3.1/../../../../arm-none-eabi/lib/thumb/v7e-m+fp/hard\libc_nano.a(libc_a-reent.o) (_impure_ptr)
C:/ST/STM32CubeIDE_2.1.0/STM32CubeIDE/plugins/com.st.stm32cube.ide.mcu.externaltools.gnu-tools-for-stm32.14.3.rel1.win32_1.0.100.202602081740/tools/bin/../lib/gcc/arm-none-eabi/14.3.1/../../../../arm-none-eabi/lib/thumb/v7e-m+fp/hard\libc_nano.a(libc_a-lseekr.o)
[...]
Memory Configuration

Name             Origin             Length             Attributes
RAM              0x20000000         0x00020000         xrw
FLASH            0x08000000         0x00080000         xr
*default*        0x00000000         0xffffffff

Linker script and memory map

LOAD C:/ST/STM32CubeIDE_2.1.0/STM32CubeIDE/plugins/com.st.stm32cube.ide.mcu.externaltools.gnu-tools-for-stm32.14.3.rel1.win32_1.0.100.202602081740/tools/bin/../lib/gcc/arm-none-eabi/14.3.1/thumb/v7e-m+fp/hard/crti.o
LOAD C:/ST/STM32CubeIDE_2.1.0/STM32CubeIDE/plugins/com.st.stm32cube.ide.mcu.externaltools.gnu-tools-for-stm32.14.3.rel1.win32_1.0.100.202602081740/tools/bin/../lib/gcc/arm-none-eabi/14.3.1/thumb/v7e-m+fp/hard/crtbegin.o
LOAD C:/ST/STM32CubeIDE_2.1.0/STM32CubeIDE/plugins/com.st.stm32cube.ide.mcu.externaltools.gnu-tools-for-stm32.14.3.rel1.win32_1.0.100.202602081740/tools/bin/../lib/gcc/arm-none-eabi/14.3.1/../../../../arm-none-eabi/lib/thumb/v7e-m+fp/hard/crt0.o
LOAD ./Core/Src/7seg.o
LOAD ./Core/Src/main.o
LOAD ./Core/Src/stm32f4xx_hal_msp.o
LOAD ./Core/Src/stm32f4xx_it.o
LOAD ./Core/Src/syscalls.o
LOAD ./Core/Src/sysmem.o
LOAD ./Core/Src/system_stm32f4xx.o
LOAD ./Core/Startup/startup_stm32f446retx.o
LOAD ./Drivers/STM32F4xx_HAL_Driver/Src/stm32f4xx_hal.o
LOAD ./Drivers/STM32F4xx_HAL_Driver/Src/stm32f4xx_hal_cortex.o
LOAD ./Drivers/STM32F4xx_HAL_Driver/Src/stm32f4xx_hal_dma.o
LOAD ./Drivers/STM32F4xx_HAL_Driver/Src/stm32f4xx_hal_dma_ex.o
LOAD ./Drivers/STM32F4xx_HAL_Driver/Src/stm32f4xx_hal_exti.o
LOAD ./Drivers/STM32F4xx_HAL_Driver/Src/stm32f4xx_hal_flash.o
LOAD ./Drivers/STM32F4xx_HAL_Driver/Src/stm32f4xx_hal_flash_ex.o
LOAD ./Drivers/STM32F4xx_HAL_Driver/Src/stm32f4xx_hal_flash_ramfunc.o
LOAD ./Drivers/STM32F4xx_HAL_Driver/Src/stm32f4xx_hal_gpio.o
LOAD ./Drivers/STM32F4xx_HAL_Driver/Src/stm32f4xx_hal_i2c.o
LOAD ./Drivers/STM32F4xx_HAL_Driver/Src/stm32f4xx_hal_i2c_ex.o
LOAD ./Drivers/STM32F4xx_HAL_Driver/Src/stm32f4xx_hal_pwr.o
LOAD ./Drivers/STM32F4xx_HAL_Driver/Src/stm32f4xx_hal_pwr_ex.o
LOAD ./Drivers/STM32F4xx_HAL_Driver/Src/stm32f4xx_hal_rcc.o
LOAD ./Drivers/STM32F4xx_HAL_Driver/Src/stm32f4xx_hal_rcc_ex.o
LOAD ./Drivers/STM32F4xx_HAL_Driver/Src/stm32f4xx_hal_uart.o
START GROUP
LOAD C:/ST/STM32CubeIDE_2.1.0/STM32CubeIDE/plugins/com.st.stm32cube.ide.mcu.externaltools.gnu-tools-for-stm32.14.3.rel1.win32_1.0.100.202602081740/tools/bin/../lib/gcc/arm-none-eabi/14.3.1/../../../../arm-none-eabi/lib/thumb/v7e-m+fp/hard\libc_nano.a
LOAD C:/ST/STM32CubeIDE_2.1.0/STM32CubeIDE/plugins/com.st.stm32cube.ide.mcu.externaltools.gnu-tools-for-stm32.14.3.rel1.win32_1.0.100.202602081740/tools/bin/../lib/gcc/arm-none-eabi/14.3.1/../../../../arm-none-eabi/lib/thumb/v7e-m+fp/hard\libm.a
END GROUP
START GROUP
LOAD C:/ST/STM32CubeIDE_2.1.0/STM32CubeIDE/plugins/com.st.stm32cube.ide.mcu.externaltools.gnu-tools-for-stm32.14.3.rel1.win32_1.0.100.202602081740/tools/bin/../lib/gcc/arm-none-eabi/14.3.1/thumb/v7e-m+fp/hard\libgcc.a
LOAD C:/ST/STM32CubeIDE_2.1.0/STM32CubeIDE/plugins/com.st.stm32cube.ide.mcu.externaltools.gnu-tools-for-stm32.14.3.rel1.win32_1.0.100.202602081740/tools/bin/../lib/gcc/arm-none-eabi/14.3.1/../../../../arm-none-eabi/lib/thumb/v7e-m+fp/hard\libc_nano.a
END GROUP
START GROUP
LOAD C:/ST/STM32CubeIDE_2.1.0/STM32CubeIDE/plugins/com.st.stm32cube.ide.mcu.externaltools.gnu-tools-for-stm32.14.3.rel1.win32_1.0.100.202602081740/tools/bin/../lib/gcc/arm-none-eabi/14.3.1/thumb/v7e-m+fp/hard\libgcc.a
LOAD C:/ST/STM32CubeIDE_2.1.0/STM32CubeIDE/plugins/com.st.stm32cube.ide.mcu.externaltools.gnu-tools-for-stm32.14.3.rel1.win32_1.0.100.202602081740/tools/bin/../lib/gcc/arm-none-eabi/14.3.1/../../../../arm-none-eabi/lib/thumb/v7e-m+fp/hard\libc_nano.a
LOAD C:/ST/STM32CubeIDE_2.1.0/STM32CubeIDE/plugins/com.st.stm32cube.ide.mcu.externaltools.gnu-tools-for-stm32.14.3.rel1.win32_1.0.100.202602081740/tools/bin/../lib/gcc/arm-none-eabi/14.3.1/../../../../arm-none-eabi/lib/thumb/v7e-m+fp/hard\libnosys.a
END GROUP
START GROUP
LOAD C:/ST/STM32CubeIDE_2.1.0/STM32CubeIDE/plugins/com.st.stm32cube.ide.mcu.externaltools.gnu-tools-for-stm32.14.3.rel1.win32_1.0.100.202602081740/tools/bin/../lib/gcc/arm-none-eabi/14.3.1/thumb/v7e-m+fp/hard\libgcc.a
LOAD C:/ST/STM32CubeIDE_2.1.0/STM32CubeIDE/plugins/com.st.stm32cube.ide.mcu.externaltools.gnu-tools-for-stm32.14.3.rel1.win32_1.0.100.202602081740/tools/bin/../lib/gcc/arm-none-eabi/14.3.1/../../../../arm-none-eabi/lib/thumb/v7e-m+fp/hard\libc_nano.a
LOAD C:/ST/STM32CubeIDE_2.1.0/STM32CubeIDE/plugins/com.st.stm32cube.ide.mcu.externaltools.gnu-tools-for-stm32.14.3.rel1.win32_1.0.100.202602081740/tools/bin/../lib/gcc/arm-none-eabi/14.3.1/../../../../arm-none-eabi/lib/thumb/v7e-m+fp/hard\libnosys.a
END GROUP
LOAD C:/ST/STM32CubeIDE_2.1.0/STM32CubeIDE/plugins/com.st.stm32cube.ide.mcu.externaltools.gnu-tools-for-stm32.14.3.rel1.win32_1.0.100.202602081740/tools/bin/../lib/gcc/arm-none-eabi/14.3.1/thumb/v7e-m+fp/hard/crtend.o
LOAD C:/ST/STM32CubeIDE_2.1.0/STM32CubeIDE/plugins/com.st.stm32cube.ide.mcu.externaltools.gnu-tools-for-stm32.14.3.rel1.win32_1.0.100.202602081740/tools/bin/../lib/gcc/arm-none-eabi/14.3.1/thumb/v7e-m+fp/hard/crtn.o
                0x20020000                        _estack = (ORIGIN (RAM) + LENGTH (RAM))
                0x00000200                        _Min_Heap_Size = 0x200
                0x00000400                        _Min_Stack_Size = 0x400

.isr_vector     0x08000000      0x1c4
                0x08000000                        . = ALIGN (0x4)
 *(.isr_vector)
 .isr_vector    0x08000000      0x1c4 ./Core/Startup/startup_stm32f446retx.o
                0x08000000                g_pfnVectors
                0x080001c4                        . = ALIGN (0x4)

.text           0x080001c4     0x4468
                0x080001c4                        . = ALIGN (0x4)
 *(.text)
 .text          0x080001c4       0x40 C:/ST/STM32CubeIDE_2.1.0/STM32CubeIDE/plugins/com.st.stm32cube.ide.mcu.externaltools.gnu-tools-for-stm32.14.3.rel1.win32_1.0.100.202602081740/tools/bin/../lib/gcc/arm-none-eabi/14.3.1/thumb/v7e-m+fp/hard/crtbegin.o
 .text          0x08000204       0x30 C:/ST/STM32CubeIDE_2.1.0/STM32CubeIDE/plugins/com.st.stm32cube.ide.mcu.externaltools.gnu-tools-for-stm32.14.3.rel1.win32_1.0.100.202602081740/tools/bin/../lib/gcc/arm-none-eabi/14.3.1/thumb/v7e-m+fp/hard\libgcc.a(_aeabi_uldivmod.o)
                0x08000204                __aeabi_uldivmod
 .text          0x08000234      0x2f8 C:/ST/STM32CubeIDE_2.1.0/STM32CubeIDE/plugins/com.st.stm32cube.ide.mcu.externaltools.gnu-tools-for-stm32.14.3.rel1.win32_1.0.100.202602081740/tools/bin/../lib/gcc/arm-none-eabi/14.3.1/thumb/v7e-m+fp/hard\libgcc.a(_udivmoddi4.o)
                0x08000234                __udivmoddi4
 .text          0x0800052c        0x4 C:/ST/STM32CubeIDE_2.1.0/STM32CubeIDE/plugins/com.st.stm32cube.ide.mcu.externaltools.gnu-tools-for-stm32.14.3.rel1.win32_1.0.100.202602081740/tools/bin/../lib/gcc/arm-none-eabi/14.3.1/thumb/v7e-m+fp/hard\libgcc.a(_dvmd_tls.o)
                0x0800052c                __aeabi_idiv0
                0x0800052c                __aeabi_ldiv0
 *(.text*)
 .text.MostrarNumero
                0x08000530       0x64 ./Core/Src/7seg.o
                0x08000530                MostrarNumero
 .text.main     0x08000594       0x40 ./Core/Src/main.o
                0x08000594                main
 .text.SystemClock_Config
                0x080005d4       0xdc ./Core/Src/main.o
                0x080005d4                SystemClock_Config
 .text.MX_I2C1_Init
                0x080006b0       0x5c ./Core/Src/main.o
 .text.MX_USART2_UART_Init
                0x0800070c       0x54 ./Core/Src/main.o
 .text.MX_GPIO_Init
                0x08000760      0x19c ./Core/Src/main.o
 .text.HAL_GPIO_EXTI_Callback
                0x080008fc      0x1a4 ./Core/Src/main.o
                0x080008fc                HAL_GPIO_EXTI_Callback
 .text.HAL_I2C_ListenCpltCallback
                0x08000aa0       0x16 ./Core/Src/main.o
                0x08000aa0                HAL_I2C_ListenCpltCallback
 *fill*         0x08000ab6        0x2 
 .text.HAL_I2C_SlaveRxCpltCallback
                0x08000ab8       0xc4 ./Core/Src/main.o
                0x08000ab8                HAL_I2C_SlaveRxCpltCallback
 .text.HAL_I2C_AddrCallback
                0x08000b7c       0x5c ./Core/Src/main.o
                0x08000b7c                HAL_I2C_AddrCallback
 .text.HAL_I2C_ErrorCallback
                0x08000bd8       0x20 ./Core/Src/main.o
                0x08000bd8                HAL_I2C_ErrorCallback
 .text.Error_Handler
                0x08000bf8        0xc ./Core/Src/main.o
                0x08000bf8                Error_Handler
 .text.HAL_MspInit
                0x08000c04       0x50 ./Core/Src/stm32f4xx_hal_msp.o
                0x08000c04                HAL_MspInit
 .text.HAL_I2C_MspInit
                0x08000c54       0xb0 ./Core/Src/stm32f4xx_hal_msp.o
                0x08000c54                HAL_I2C_MspInit
 .text.HAL_UART_MspInit
                0x08000d04       0x90 ./Core/Src/stm32f4xx_hal_msp.o
                0x08000d04                HAL_UART_MspInit
 .text.NMI_Handler
                0x08000d94        0x8 ./Core/Src/stm32f4xx_it.o
                0x08000d94                NMI_Handler
 .text.HardFault_Handler
                0x08000d9c        0x8 ./Core/Src/stm32f4xx_it.o
                0x08000d9c                HardFault_Handler
 .text.MemManage_Handler
                0x08000da4        0x8 ./Core/Src/stm32f4xx_it.o
                0x08000da4                MemManage_Handler
 .text.BusFault_Handler
                0x08000dac        0x8 ./Core/Src/stm32f4xx_it.o
                0x08000dac                BusFault_Handler
 .text.UsageFault_Handler
                0x08000db4        0x8 ./Core/Src/stm32f4xx_it.o
                0x08000db4                UsageFault_Handler
 .text.SVC_Handler
                0x08000dbc        0xe ./Core/Src/stm32f4xx_it.o
                0x08000dbc                SVC_Handler
 .text.DebugMon_Handler
                0x08000dca        0xe ./Core/Src/stm32f4xx_it.o
                0x08000dca                DebugMon_Handler
 .text.PendSV_Handler
                0x08000dd8        0xe ./Core/Src/stm32f4xx_it.o
                0x08000dd8                PendSV_Handler
 .text.SysTick_Handler
                0x08000de6        0xc ./Core/Src/stm32f4xx_it.o
                0x08000de6                SysTick_Handler
 .text.EXTI0_IRQHandler
                0x08000df2        0xe ./Core/Src/stm32f4xx_it.o
                0x08000df2                EXTI0_IRQHandler
 .text.EXTI4_IRQHandler
                0x08000e00        0xe ./Core/Src/stm32f4xx_it.o
                0x08000e00                EXTI4_IRQHandler
 .text.EXTI9_5_IRQHandler
                0x08000e0e       0x14 ./Core/Src/stm32f4xx_it.o
                0x08000e0e                EXTI9_5_IRQHandler
 *fill*         0x08000e22        0x2 
 .text.I2C1_EV_IRQHandler
                0x08000e24       0x14 ./Core/Src/stm32f4xx_it.o
                0x08000e24                I2C1_EV_IRQHandler
 .text.I2C1_ER_IRQHandler
                0x08000e38       0x14 ./Core/Src/stm32f4xx_it.o
                0x08000e38                I2C1_ER_IRQHandler
 .text.EXTI15_10_IRQHandler
                0x08000e4c       0x10 ./Core/Src/stm32f4xx_it.o
                0x08000e4c                EXTI15_10_IRQHandler
 .text.SystemInit
                0x08000e5c       0x24 ./Core/Src/system_stm32f4xx.o
                0x08000e5c                SystemInit
 .text.Reset_Handler
                0x08000e80       0x50 ./Core/Startup/startup_stm32f446retx.o
                0x08000e80                Reset_Handler
 .text.Default_Handler
                0x08000ed0        0x2 ./Core/Startup/startup_stm32f446retx.o
                0x08000ed0                RTC_Alarm_IRQHandler
                0x08000ed0                EXTI2_IRQHandler
                0x08000ed0                TIM8_CC_IRQHandler
                0x08000ed0                FMPI2C1_EV_IRQHandler
                0x08000ed0                SPI4_IRQHandler
                0x08000ed0                TIM1_CC_IRQHandler
                0x08000ed0                DMA2_Stream5_IRQHandler
                0x08000ed0                DMA1_Stream5_IRQHandler
                0x08000ed0                PVD_IRQHandler
                0x08000ed0                SDIO_IRQHandler
                0x08000ed0                TAMP_STAMP_IRQHandler
                0x08000ed0                CAN2_RX1_IRQHandler
                0x08000ed0                EXTI3_IRQHandler
                0x08000ed0                TIM8_TRG_COM_TIM14_IRQHandler
                0x08000ed0                TIM1_UP_TIM10_IRQHandler
                0x08000ed0                TIM8_UP_TIM13_IRQHandler
                0x08000ed0                I2C3_ER_IRQHandler
                0x08000ed0                I2C2_EV_IRQHandler
                0x08000ed0                DMA1_Stream2_IRQHandler
                0x08000ed0                CAN1_RX0_IRQHandler
                0x08000ed0                FPU_IRQHandler
                0x08000ed0                OTG_HS_WKUP_IRQHandler
                0x08000ed0                CAN2_SCE_IRQHandler
                0x08000ed0                DMA2_Stream2_IRQHandler
                0x08000ed0                SPI1_IRQHandler
                0x08000ed0                TIM6_DAC_IRQHandler
                0x08000ed0                TIM1_BRK_TIM9_IRQHandler
                0x08000ed0                DCMI_IRQHandler
                0x08000ed0                CAN2_RX0_IRQHandler
                0x08000ed0                DMA2_Stream3_IRQHandler
                0x08000ed0                SAI2_IRQHandler
                0x08000ed0                USART6_IRQHandler
                0x08000ed0                USART3_IRQHandler
                0x08000ed0                CAN1_RX1_IRQHandler
                0x08000ed0                UART5_IRQHandler
                0x08000ed0                DMA2_Stream0_IRQHandler
                0x08000ed0                TIM4_IRQHandler
                0x08000ed0                QUADSPI_IRQHandler
                0x08000ed0                DMA1_Stream6_IRQHandler
                0x08000ed0                DMA1_Stream1_IRQHandler
                0x08000ed0                UART4_IRQHandler
                0x08000ed0                TIM3_IRQHandler
                0x08000ed0                RCC_IRQHandler
                0x08000ed0                TIM8_BRK_TIM12_IRQHandler
                0x08000ed0                Default_Handler
                0x08000ed0                CEC_IRQHandler
                0x08000ed0                ADC_IRQHandler
                0x08000ed0                DMA1_Stream7_IRQHandler
                0x08000ed0                TIM7_IRQHandler
                0x08000ed0                CAN2_TX_IRQHandler
                0x08000ed0                TIM5_IRQHandler
                0x08000ed0                DMA2_Stream7_IRQHandler
                0x08000ed0                I2C3_EV_IRQHandler
                0x08000ed0                RTC_WKUP_IRQHandler
                0x08000ed0                SPDIF_RX_IRQHandler
                0x08000ed0                SPI2_IRQHandler
                0x08000ed0                OTG_HS_EP1_IN_IRQHandler
                0x08000ed0                DMA1_Stream0_IRQHandler
                0x08000ed0                CAN1_TX_IRQHandler
                0x08000ed0                FMPI2C1_ER_IRQHandler
                0x08000ed0                OTG_HS_EP1_OUT_IRQHandler
                0x08000ed0                WWDG_IRQHandler
                0x08000ed0                TIM2_IRQHandler
                0x08000ed0                OTG_FS_WKUP_IRQHandler
                0x08000ed0                TIM1_TRG_COM_TIM11_IRQHandler
                0x08000ed0                OTG_HS_IRQHandler
                0x08000ed0                EXTI1_IRQHandler
                0x08000ed0                USART2_IRQHandler
                0x08000ed0                I2C2_ER_IRQHandler
                0x08000ed0                DMA2_Stream1_IRQHandler
                0x08000ed0                CAN1_SCE_IRQHandler
                0x08000ed0                FLASH_IRQHandler
                0x08000ed0                DMA2_Stream4_IRQHandler
                0x08000ed0                USART1_IRQHandler
                0x08000ed0                OTG_FS_IRQHandler
                0x08000ed0                SPI3_IRQHandler
                0x08000ed0                DMA1_Stream4_IRQHandler
                0x08000ed0                FMC_IRQHandler
                0x08000ed0                DMA2_Stream6_IRQHandler
                0x08000ed0                SAI1_IRQHandler
                0x08000ed0                DMA1_Stream3_IRQHandler
 *fill*         0x08000ed2        0x2 
 .text.HAL_Init
                0x08000ed4       0x44 ./Drivers/STM32F4xx_HAL_Driver/Src/stm32f4xx_hal.o
                0x08000ed4                HAL_Init
 .text.HAL_InitTick
                0x08000f18       0x60 ./Drivers/STM32F4xx_HAL_Driver/Src/stm32f4xx_hal.o
                0x08000f18                HAL_InitTick
 .text.HAL_IncTick
                0x08000f78       0x28 ./Drivers/STM32F4xx_HAL_Driver/Src/stm32f4xx_hal.o
                0x08000f78                HAL_IncTick
 .text.HAL_GetTick
                0x08000fa0       0x18 ./Drivers/STM32F4xx_HAL_Driver/Src/stm32f4xx_hal.o
                0x08000fa0                HAL_GetTick
 .text.__NVIC_SetPriorityGrouping
                0x08000fb8       0x48 ./Drivers/STM32F4xx_HAL_Driver/Src/stm32f4xx_hal_cortex.o
 .text.__NVIC_GetPriorityGrouping
                0x08001000       0x1c ./Drivers/STM32F4xx_HAL_Driver/Src/stm32f4xx_hal_cortex.o
 .text.__NVIC_EnableIRQ
                0x0800101c       0x3c ./Drivers/STM32F4xx_HAL_Driver/Src/stm32f4xx_hal_cortex.o
 .text.__NVIC_SetPriority
                0x08001058       0x54 ./Drivers/STM32F4xx_HAL_Driver/Src/stm32f4xx_hal_cortex.o
 .text.NVIC_EncodePriority
                0x080010ac       0x66 ./Drivers/STM32F4xx_HAL_Driver/Src/stm32f4xx_hal_cortex.o
 *fill*         0x08001112        0x2 
 .text.SysTick_Config
                0x08001114       0x44 ./Drivers/STM32F4xx_HAL_Driver/Src/stm32f4xx_hal_cortex.o
 .text.HAL_NVIC_SetPriorityGrouping
                0x08001158       0x16 ./Drivers/STM32F4xx_HAL_Driver/Src/stm32f4xx_hal_cortex.o
                0x08001158                HAL_NVIC_SetPriorityGrouping
 .text.HAL_NVIC_SetPriority
                0x0800116e       0x38 ./Drivers/STM32F4xx_HAL_Driver/Src/stm32f4xx_hal_cortex.o
                0x0800116e                HAL_NVIC_SetPriority
 .text.HAL_NVIC_EnableIRQ
                0x080011a6       0x1c ./Drivers/STM32F4xx_HAL_Driver/Src/stm32f4xx_hal_cortex.o
                0x080011a6                HAL_NVIC_EnableIRQ
 .text.HAL_SYSTICK_Config
                0x080011c2       0x18 ./Drivers/STM32F4xx_HAL_Driver/Src/stm32f4xx_hal_cortex.o
                0x080011c2                HAL_SYSTICK_Config
 .text.HAL_DMA_Abort_IT
                0x080011da       0x44 ./Drivers/STM32F4xx_HAL_Driver/Src/stm32f4xx_hal_dma.o
                0x080011da                HAL_DMA_Abort_IT
 .text.HAL_DMA_GetState
                0x0800121e       0x1c ./Drivers/STM32F4xx_HAL_Driver/Src/stm32f4xx_hal_dma.o
                0x0800121e                HAL_DMA_GetState
 *fill*         0x0800123a        0x2 
 .text.HAL_GPIO_Init
                0x0800123c      0x328 ./Drivers/STM32F4xx_HAL_Driver/Src/stm32f4xx_hal_gpio.o
                0x0800123c                HAL_GPIO_Init
 .text.HAL_GPIO_WritePin
                0x08001564       0x32 ./Drivers/STM32F4xx_HAL_Driver/Src/stm32f4xx_hal_gpio.o
                0x08001564                HAL_GPIO_WritePin
 *fill*         0x08001596        0x2 
 .text.HAL_GPIO_EXTI_IRQHandler
                0x08001598       0x30 ./Drivers/STM32F4xx_HAL_Driver/Src/stm32f4xx_hal_gpio.o
                0x08001598                HAL_GPIO_EXTI_IRQHandler
 .text.HAL_I2C_Init
                0x080015c8      0x288 ./Drivers/STM32F4xx_HAL_Driver/Src/stm32f4xx_hal_i2c.o
                0x080015c8                HAL_I2C_Init
 .text.I2C_Flush_DR
                0x08001850       0x2a ./Drivers/STM32F4xx_HAL_Driver/Src/stm32f4xx_hal_i2c.o
 .text.HAL_I2C_Slave_Seq_Transmit_IT
                0x0800187a       0xe6 ./Drivers/STM32F4xx_HAL_Driver/Src/stm32f4xx_hal_i2c.o
                0x0800187a                HAL_I2C_Slave_Seq_Transmit_IT
 .text.HAL_I2C_Slave_Seq_Receive_IT
                0x08001960       0xe6 ./Drivers/STM32F4xx_HAL_Driver/Src/stm32f4xx_hal_i2c.o
                0x08001960                HAL_I2C_Slave_Seq_Receive_IT
 .text.HAL_I2C_EnableListen_IT
                0x08001a46       0x6c ./Drivers/STM32F4xx_HAL_Driver/Src/stm32f4xx_hal_i2c.o
                0x08001a46                HAL_I2C_EnableListen_IT
 .text.HAL_I2C_EV_IRQHandler
                0x08001ab2      0x2e2 ./Drivers/STM32F4xx_HAL_Driver/Src/stm32f4xx_hal_i2c.o
                0x08001ab2                HAL_I2C_EV_IRQHandler
 .text.HAL_I2C_ER_IRQHandler
                0x08001d94      0x14e ./Drivers/STM32F4xx_HAL_Driver/Src/stm32f4xx_hal_i2c.o
                0x08001d94                HAL_I2C_ER_IRQHandler
 .text.HAL_I2C_MasterTxCpltCallback
                0x08001ee2       0x14 ./Drivers/STM32F4xx_HAL_Driver/Src/stm32f4xx_hal_i2c.o
                0x08001ee2                HAL_I2C_MasterTxCpltCallback
 .text.HAL_I2C_MasterRxCpltCallback
                0x08001ef6       0x14 ./Drivers/STM32F4xx_HAL_Driver/Src/stm32f4xx_hal_i2c.o
                0x08001ef6                HAL_I2C_MasterRxCpltCallback
 .text.HAL_I2C_SlaveTxCpltCallback
                0x08001f0a       0x14 ./Drivers/STM32F4xx_HAL_Driver/Src/stm32f4xx_hal_i2c.o
                0x08001f0a                HAL_I2C_SlaveTxCpltCallback
 .text.HAL_I2C_MemTxCpltCallback
                0x08001f1e       0x14 ./Drivers/STM32F4xx_HAL_Driver/Src/stm32f4xx_hal_i2c.o
                0x08001f1e                HAL_I2C_MemTxCpltCallback
 .text.HAL_I2C_MemRxCpltCallback
                0x08001f32       0x14 ./Drivers/STM32F4xx_HAL_Driver/Src/stm32f4xx_hal_i2c.o
                0x08001f32                HAL_I2C_MemRxCpltCallback
 .text.HAL_I2C_AbortCpltCallback
                0x08001f46       0x14 ./Drivers/STM32F4xx_HAL_Driver/Src/stm32f4xx_hal_i2c.o
                0x08001f46                HAL_I2C_AbortCpltCallback
 .text.HAL_I2C_GetError
                0x08001f5a       0x18 ./Drivers/STM32F4xx_HAL_Driver/Src/stm32f4xx_hal_i2c.o
                0x08001f5a                HAL_I2C_GetError
 .text.I2C_MasterTransmit_TXE
                0x08001f72      0x138 ./Drivers/STM32F4xx_HAL_Driver/Src/stm32f4xx_hal_i2c.o
 .text.I2C_MasterTransmit_BTF
                0x080020aa       0xec ./Drivers/STM32F4xx_HAL_Driver/Src/stm32f4xx_hal_i2c.o
 .text.I2C_MemoryTransmit_TXE_BTF
                0x08002196      0x130 ./Drivers/STM32F4xx_HAL_Driver/Src/stm32f4xx_hal_i2c.o
 .text.I2C_MasterReceive_RXNE
                0x080022c6      0x190 ./Drivers/STM32F4xx_HAL_Driver/Src/stm32f4xx_hal_i2c.o
 .text.I2C_MasterReceive_BTF
                0x08002456      0x1e2 ./Drivers/STM32F4xx_HAL_Driver/Src/stm32f4xx_hal_i2c.o
 .text.I2C_Master_SB
                0x08002638      0x10c ./Drivers/STM32F4xx_HAL_Driver/Src/stm32f4xx_hal_i2c.o
 .text.I2C_Master_ADD10
                0x08002744       0x54 ./Drivers/STM32F4xx_HAL_Driver/Src/stm32f4xx_hal_i2c.o
 .text.I2C_Master_ADDR
                0x08002798      0x322 ./Drivers/STM32F4xx_HAL_Driver/Src/stm32f4xx_hal_i2c.o
 .text.I2C_SlaveTransmit_TXE
                0x08002aba       0x7a ./Drivers/STM32F4xx_HAL_Driver/Src/stm32f4xx_hal_i2c.o
 .text.I2C_SlaveTransmit_BTF
                0x08002b34       0x42 ./Drivers/STM32F4xx_HAL_Driver/Src/stm32f4xx_hal_i2c.o
 .text.I2C_SlaveReceive_RXNE
                0x08002b76       0x7c ./Drivers/STM32F4xx_HAL_Driver/Src/stm32f4xx_hal_i2c.o
 .text.I2C_SlaveReceive_BTF
                0x08002bf2       0x44 ./Drivers/STM32F4xx_HAL_Driver/Src/stm32f4xx_hal_i2c.o
 .text.I2C_Slave_ADDR
                0x08002c36       0x94 ./Drivers/STM32F4xx_HAL_Driver/Src/stm32f4xx_hal_i2c.o
 *fill*         0x08002cca        0x2 
 .text.I2C_Slave_STOPF
                0x08002ccc      0x260 ./Drivers/STM32F4xx_HAL_Driver/Src/stm32f4xx_hal_i2c.o
 .text.I2C_Slave_AF
                0x08002f2c       0xe8 ./Drivers/STM32F4xx_HAL_Driver/Src/stm32f4xx_hal_i2c.o
 .text.I2C_ITError
                0x08003014      0x264 ./Drivers/STM32F4xx_HAL_Driver/Src/stm32f4xx_hal_i2c.o
 .text.I2C_DMAAbort
                0x08003278      0x150 ./Drivers/STM32F4xx_HAL_Driver/Src/stm32f4xx_hal_i2c.o
 .text.I2C_WaitOnSTOPRequestThroughIT
                0x080033c8       0x64 ./Drivers/STM32F4xx_HAL_Driver/Src/stm32f4xx_hal_i2c.o
 .text.I2C_ConvertOtherXferOptions
                0x0800342c       0x36 ./Drivers/STM32F4xx_HAL_Driver/Src/stm32f4xx_hal_i2c.o
 *fill*         0x08003462        0x2 
 .text.HAL_RCC_ClockConfig
                0x08003464      0x1cc ./Drivers/STM32F4xx_HAL_Driver/Src/stm32f4xx_hal_rcc.o
                0x08003464                HAL_RCC_ClockConfig
 .text.HAL_RCC_GetHCLKFreq
                0x08003630       0x18 ./Drivers/STM32F4xx_HAL_Driver/Src/stm32f4xx_hal_rcc.o
                0x08003630                HAL_RCC_GetHCLKFreq
 .text.HAL_RCC_GetPCLK1Freq
                0x08003648       0x28 ./Drivers/STM32F4xx_HAL_Driver/Src/stm32f4xx_hal_rcc.o
                0x08003648                HAL_RCC_GetPCLK1Freq
 .text.HAL_RCC_GetPCLK2Freq
                0x08003670       0x28 ./Drivers/STM32F4xx_HAL_Driver/Src/stm32f4xx_hal_rcc.o
                0x08003670                HAL_RCC_GetPCLK2Freq
 .text.HAL_RCC_GetSysClockFreq
                0x08003698      0x460 ./Drivers/STM32F4xx_HAL_Driver/Src/stm32f4xx_hal_rcc_ex.o
                0x08003698                HAL_RCC_GetSysClockFreq
 .text.HAL_RCC_OscConfig
                0x08003af8      0x53c ./Drivers/STM32F4xx_HAL_Driver/Src/stm32f4xx_hal_rcc_ex.o
                0x08003af8                HAL_RCC_OscConfig
 .text.HAL_UART_Init
                0x08004034       0xa0 ./Drivers/STM32F4xx_HAL_Driver/Src/stm32f4xx_hal_uart.o
                0x08004034                HAL_UART_Init
 .text.UART_SetConfig
                0x080040d4      0x4e8 ./Drivers/STM32F4xx_HAL_Driver/Src/stm32f4xx_hal_uart.o
 .text.memset   0x080045bc       0x10 C:/ST/STM32CubeIDE_2.1.0/STM32CubeIDE/plugins/com.st.stm32cube.ide.mcu.externaltools.gnu-tools-for-stm32.14.3.rel1.win32_1.0.100.202602081740/tools/bin/../lib/gcc/arm-none-eabi/14.3.1/../../../../arm-none-eabi/lib/thumb/v7e-m+fp/hard\libc_nano.a(libc_a-memset.o)
                0x080045bc                memset
 .text.__libc_init_array
                0x080045cc       0x48 C:/ST/STM32CubeIDE_2.1.0/STM32CubeIDE/plugins/com.st.stm32cube.ide.mcu.externaltools.gnu-tools-for-stm32.14.3.rel1.win32_1.0.100.202602081740/tools/bin/../lib/gcc/arm-none-eabi/14.3.1/../../../../arm-none-eabi/lib/thumb/v7e-m+fp/hard\libc_nano.a(libc_a-init.o)
                0x080045cc                __libc_init_array
 *(.glue_7)
 .glue_7        0x08004614        0x0 linker stubs
 *(.glue_7t)
 .glue_7t       0x08004614        0x0 linker stubs
 *(.eh_frame)
 .eh_frame      0x08004614        0x0 C:/ST/STM32CubeIDE_2.1.0/STM32CubeIDE/plugins/com.st.stm32cube.ide.mcu.externaltools.gnu-tools-for-stm32.14.3.rel1.win32_1.0.100.202602081740/tools/bin/../lib/gcc/arm-none-eabi/14.3.1/thumb/v7e-m+fp/hard/crtbegin.o
 *(.init)
 .init          0x08004614        0x4 C:/ST/STM32CubeIDE_2.1.0/STM32CubeIDE/plugins/com.st.stm32cube.ide.mcu.externaltools.gnu-tools-for-stm32.14.3.rel1.win32_1.0.100.202602081740/tools/bin/../lib/gcc/arm-none-eabi/14.3.1/thumb/v7e-m+fp/hard/crti.o
                0x08004614                _init
 .init          0x08004618        0x8 C:/ST/STM32CubeIDE_2.1.0/STM32CubeIDE/plugins/com.st.stm32cube.ide.mcu.externaltools.gnu-tools-for-stm32.14.3.rel1.win32_1.0.100.202602081740/tools/bin/../lib/gcc/arm-none-eabi/14.3.1/thumb/v7e-m+fp/hard/crtn.o
 *(.fini)
 .fini          0x08004620        0x4 C:/ST/STM32CubeIDE_2.1.0/STM32CubeIDE/plugins/com.st.stm32cube.ide.mcu.externaltools.gnu-tools-for-stm32.14.3.rel1.win32_1.0.100.202602081740/tools/bin/../lib/gcc/arm-none-eabi/14.3.1/thumb/v7e-m+fp/hard/crti.o
                0x08004620                _fini
 .fini          0x08004624        0x8 C:/ST/STM32CubeIDE_2.1.0/STM32CubeIDE/plugins/com.st.stm32cube.ide.mcu.externaltools.gnu-tools-for-stm32.14.3.rel1.win32_1.0.100.202602081740/tools/bin/../lib/gcc/arm-none-eabi/14.3.1/thumb/v7e-m+fp/hard/crtn.o
                0x0800462c                        . = ALIGN (0x4)
                0x0800462c                        _etext = .

.vfp11_veneer   0x0800462c        0x0
 .vfp11_veneer  0x0800462c        0x0 linker stubs

.v4_bx          0x0800462c        0x0
 .v4_bx         0x0800462c        0x0 linker stubs

.iplt           0x0800462c        0x0
 .iplt          0x0800462c        0x0 C:/ST/STM32CubeIDE_2.1.0/STM32CubeIDE/plugins/com.st.stm32cube.ide.mcu.externaltools.gnu-tools-for-stm32.14.3.rel1.win32_1.0.100.202602081740/tools/bin/../lib/gcc/arm-none-eabi/14.3.1/thumb/v7e-m+fp/hard/crtbegin.o

.rodata         0x0800462c       0x18
                0x0800462c                        . = ALIGN (0x4)
 *(.rodata)
 *(.rodata*)
 .rodata.AHBPrescTable
                0x0800462c       0x10 ./Core/Src/system_stm32f4xx.o
                0x0800462c                AHBPrescTable
 .rodata.APBPrescTable
                0x0800463c        0x8 ./Core/Src/system_stm32f4xx.o
                0x0800463c                APBPrescTable
                0x08004644                        . = ALIGN (0x4)

.ARM.extab      0x08004644        0x0
                0x08004644                        . = ALIGN (0x4)
 *(.ARM.extab* .gnu.linkonce.armextab.*)
                0x08004644                        . = ALIGN (0x4)

.ARM            0x08004644        0x8
                0x08004644                        . = ALIGN (0x4)
                0x08004644                        __exidx_start = .
 *(.ARM.exidx*)
 .ARM.exidx     0x08004644        0x8 C:/ST/STM32CubeIDE_2.1.0/STM32CubeIDE/plugins/com.st.stm32cube.ide.mcu.externaltools.gnu-tools-for-stm32.14.3.rel1.win32_1.0.100.202602081740/tools/bin/../lib/gcc/arm-none-eabi/14.3.1/thumb/v7e-m+fp/hard\libgcc.a(_udivmoddi4.o)
                0x0800464c                        __exidx_end = .
                0x0800464c                        . = ALIGN (0x4)

.preinit_array  0x0800464c        0x0
                0x0800464c                        . = ALIGN (0x4)
                0x0800464c                        PROVIDE (__preinit_array_start = .)
 *(.preinit_array*)
                0x0800464c                        PROVIDE (__preinit_array_end = .)
                0x0800464c                        . = ALIGN (0x4)

.init_array     0x0800464c        0x4
                0x0800464c                        . = ALIGN (0x4)
                0x0800464c                        PROVIDE (__init_array_start = .)
 *(SORT_BY_NAME(.init_array.*))
 *(.init_array*)
 .init_array    0x0800464c        0x4 C:/ST/STM32CubeIDE_2.1.0/STM32CubeIDE/plugins/com.st.stm32cube.ide.mcu.externaltools.gnu-tools-for-stm32.14.3.rel1.win32_1.0.100.202602081740/tools/bin/../lib/gcc/arm-none-eabi/14.3.1/thumb/v7e-m+fp/hard/crtbegin.o
                0x08004650                        PROVIDE (__init_array_end = .)
                0x08004650                        . = ALIGN (0x4)

.fini_array     0x08004650        0x4
                0x08004650                        . = ALIGN (0x4)
                [!provide]                        PROVIDE (__fini_array_start = .)
 *(SORT_BY_NAME(.fini_array.*))
 *(.fini_array*)
 .fini_array    0x08004650        0x4 C:/ST/STM32CubeIDE_2.1.0/STM32CubeIDE/plugins/com.st.stm32cube.ide.mcu.externaltools.gnu-tools-for-stm32.14.3.rel1.win32_1.0.100.202602081740/tools/bin/../lib/gcc/arm-none-eabi/14.3.1/thumb/v7e-m+fp/hard/crtbegin.o
                [!provide]                        PROVIDE (__fini_array_end = .)
                0x08004654                        . = ALIGN (0x4)
                0x08004654                        _sidata = LOADADDR (.data)

.rel.dyn        0x08004654        0x0
 .rel.iplt      0x08004654        0x0 C:/ST/STM32CubeIDE_2.1.0/STM32CubeIDE/plugins/com.st.stm32cube.ide.mcu.externaltools.gnu-tools-for-stm32.14.3.rel1.win32_1.0.100.202602081740/tools/bin/../lib/gcc/arm-none-eabi/14.3.1/thumb/v7e-m+fp/hard/crtbegin.o

.data           0x20000000       0x90 load address 0x08004654
                0x20000000                        . = ALIGN (0x4)
                0x20000000                        _sdata = .
 *(.data)
 *(.data*)
 .data.segmentos
                0x20000000       0x38 ./Core/Src/7seg.o
                0x20000000                segmentos
 .data.numeros  0x20000038       0x46 ./Core/Src/7seg.o
                0x20000038                numeros
 .data.sensor1  0x2000007e        0x1 ./Core/Src/main.o
                0x2000007e                sensor1
 .data.sensor2  0x2000007f        0x1 ./Core/Src/main.o
                0x2000007f                sensor2
 .data.sensor3  0x20000080        0x1 ./Core/Src/main.o
                0x20000080                sensor3
 .data.sensor4  0x20000081        0x1 ./Core/Src/main.o
                0x20000081                sensor4
 .data.disp     0x20000082        0x2 ./Core/Src/main.o
                0x20000082                disp
 .data.SystemCoreClock
                0x20000084        0x4 ./Core/Src/system_stm32f4xx.o
                0x20000084                SystemCoreClock
 .data.uwTickPrio
                0x20000088        0x4 ./Drivers/STM32F4xx_HAL_Driver/Src/stm32f4xx_hal.o
                0x20000088                uwTickPrio
 .data.uwTickFreq
                0x2000008c        0x1 ./Drivers/STM32F4xx_HAL_Driver/Src/stm32f4xx_hal.o
                0x2000008c                uwTickFreq
 *(.RamFunc)
 *(.RamFunc*)
                0x20000090                        . = ALIGN (0x4)
 *fill*         0x2000008d        0x3 
                0x20000090                        _edata = .

.igot.plt       0x20000090        0x0 load address 0x080046e4
 .igot.plt      0x20000090        0x0 C:/ST/STM32CubeIDE_2.1.0/STM32CubeIDE/plugins/com.st.stm32cube.ide.mcu.externaltools.gnu-tools-for-stm32.14.3.rel1.win32_1.0.100.202602081740/tools/bin/../lib/gcc/arm-none-eabi/14.3.1/thumb/v7e-m+fp/hard/crtbegin.o
                0x20000090                        . = ALIGN (0x4)

.bss            0x20000090       0xc8 load address 0x080046e4
                0x20000090                        _sbss = .
                0x20000090                        __bss_start__ = _sbss
 *(.bss)
 .bss           0x20000090       0x1c C:/ST/STM32CubeIDE_2.1.0/STM32CubeIDE/plugins/com.st.stm32cube.ide.mcu.externaltools.gnu-tools-for-stm32.14.3.rel1.win32_1.0.100.202602081740/tools/bin/../lib/gcc/arm-none-eabi/14.3.1/thumb/v7e-m+fp/hard/crtbegin.o
 *(.bss*)
 .bss.hi2c1     0x200000ac       0x54 ./Core/Src/main.o
                0x200000ac                hi2c1
 .bss.huart2    0x20000100       0x48 ./Core/Src/main.o
                0x20000100                huart2
 .bss.info      0x20000148        0x1 ./Core/Src/main.o
                0x20000148                info
 .bss.lastinfo  0x20000149        0x1 ./Core/Src/main.o
                0x20000149                lastinfo
 *fill*         0x2000014a        0x2 
 .bss.aTxBuffer
                0x2000014c        0x1 ./Core/Src/main.o
                0x2000014c                aTxBuffer
 *fill*         0x2000014d        0x3 
 .bss.aRxBuffer
                0x20000150        0x1 ./Core/Src/main.o
                0x20000150                aRxBuffer
 *fill*         0x20000151        0x3 
 .bss.uwTick    0x20000154        0x4 ./Drivers/STM32F4xx_HAL_Driver/Src/stm32f4xx_hal.o
                0x20000154                uwTick
 *(COMMON)
                0x20000158                        . = ALIGN (0x4)
                0x20000158                        _ebss = .
                0x20000158                        __bss_end__ = _ebss

._user_heap_stack
                0x20000158      0x600 load address 0x080046e4
                0x20000158                        . = ALIGN (0x8)
                [!provide]                        PROVIDE (end = .)
                0x20000158                        PROVIDE (_end = .)
                0x20000358                        . = (. + _Min_Heap_Size)
 *fill*         0x20000158      0x200 
                0x20000758                        . = (. + _Min_Stack_Size)
 *fill*         0x20000358      0x400 
                0x20000758                        . = ALIGN (0x8)

/DISCARD/
 libc.a(*)
 libm.a(*)
 libgcc.a(*)

.ARM.attributes
                0x00000000       0x30
 *(.ARM.attributes)
 .ARM.attributes
                0x00000000       0x22 C:/ST/STM32CubeIDE_2.1.0/STM32CubeIDE/plugins/com.st.stm32cube.ide.mcu.externaltools.gnu-tools-for-stm32.14.3.rel1.win32_1.0.100.202602081740/tools/bin/../lib/gcc/arm-none-eabi/14.3.1/thumb/v7e-m+fp/hard/crti.o
 .ARM.attributes
                0x00000022       0x34 C:/ST/STM32CubeIDE_2.1.0/STM32CubeIDE/plugins/com.st.stm32cube.ide.mcu.externaltools.gnu-tools-for-stm32.14.3.rel1.win32_1.0.100.202602081740/tools/bin/../lib/gcc/arm-none-eabi/14.3.1/thumb/v7e-m+fp/hard/crtbegin.o
 .ARM.attributes
                0x00000056       0x34 ./Core/Src/7seg.o
 .ARM.attributes
                0x0000008a       0x34 ./Core/Src/main.o
 .ARM.attributes
                0x000000be       0x34 ./Core/Src/stm32f4xx_hal_msp.o
 .ARM.attributes
                0x000000f2       0x34 ./Core/Src/stm32f4xx_it.o
 .ARM.attributes
                0x00000126       0x34 ./Core/Src/system_stm32f4xx.o
 .ARM.attributes
                0x0000015a       0x21 ./Core/Startup/startup_stm32f446retx.o
 .ARM.attributes
                0x0000017b       0x34 ./Drivers/STM32F4xx_HAL_Driver/Src/stm32f4xx_hal.o
 .ARM.attributes
                0x000001af       0x34 ./Drivers/STM32F4xx_HAL_Driver/Src/stm32f4xx_hal_cortex.o
 .ARM.attributes
                0x000001e3       0x34 ./Drivers/STM32F4xx_HAL_Driver/Src/stm32f4xx_hal_dma.o
 .ARM.attributes
                0x00000217       0x34 ./Drivers/STM32F4xx_HAL_Driver/Src/stm32f4xx_hal_gpio.o
 .ARM.attributes
                0x0000024b       0x34 ./Drivers/STM32F4xx_HAL_Driver/Src/stm32f4xx_hal_i2c.o
 .ARM.attributes
                0x0000027f       0x34 ./Drivers/STM32F4xx_HAL_Driver/Src/stm32f4xx_hal_rcc.o
 .ARM.attributes
                0x000002b3       0x34 ./Drivers/STM32F4xx_HAL_Driver/Src/stm32f4xx_hal_rcc_ex.o
 .ARM.attributes
                0x000002e7       0x34 ./Drivers/STM32F4xx_HAL_Driver/Src/stm32f4xx_hal_uart.o
 .ARM.attributes
                0x0000031b       0x34 C:/ST/STM32CubeIDE_2.1.0/STM32CubeIDE/plugins/com.st.stm32cube.ide.mcu.externaltools.gnu-tools-for-stm32.14.3.rel1.win32_1.0.100.202602081740/tools/bin/../lib/gcc/arm-none-eabi/14.3.1/../../../../arm-none-eabi/lib/thumb/v7e-m+fp/hard\libc_nano.a(libc_a-memset.o)
 .ARM.attributes
                0x0000034f       0x34 C:/ST/STM32CubeIDE_2.1.0/STM32CubeIDE/plugins/com.st.stm32cube.ide.mcu.externaltools.gnu-tools-for-stm32.14.3.rel1.win32_1.0.100.202602081740/tools/bin/../lib/gcc/arm-none-eabi/14.3.1/../../../../arm-none-eabi/lib/thumb/v7e-m+fp/hard\libc_nano.a(libc_a-init.o)
 .ARM.attributes
                0x00000383       0x22 C:/ST/STM32CubeIDE_2.1.0/STM32CubeIDE/plugins/com.st.stm32cube.ide.mcu.externaltools.gnu-tools-for-stm32.14.3.rel1.win32_1.0.100.202602081740/tools/bin/../lib/gcc/arm-none-eabi/14.3.1/thumb/v7e-m+fp/hard\libgcc.a(_aeabi_uldivmod.o)
 .ARM.attributes
                0x000003a5       0x34 C:/ST/STM32CubeIDE_2.1.0/STM32CubeIDE/plugins/com.st.stm32cube.ide.mcu.externaltools.gnu-tools-for-stm32.14.3.rel1.win32_1.0.100.202602081740/tools/bin/../lib/gcc/arm-none-eabi/14.3.1/thumb/v7e-m+fp/hard\libgcc.a(_udivmoddi4.o)
 .ARM.attributes
                0x000003d9       0x22 C:/ST/STM32CubeIDE_2.1.0/STM32CubeIDE/plugins/com.st.stm32cube.ide.mcu.externaltools.gnu-tools-for-stm32.14.3.rel1.win32_1.0.100.202602081740/tools/bin/../lib/gcc/arm-none-eabi/14.3.1/thumb/v7e-m+fp/hard\libgcc.a(_dvmd_tls.o)
 .ARM.attributes
                0x000003fb       0x22 C:/ST/STM32CubeIDE_2.1.0/STM32CubeIDE/plugins/com.st.stm32cube.ide.mcu.externaltools.gnu-tools-for-stm32.14.3.rel1.win32_1.0.100.202602081740/tools/bin/../lib/gcc/arm-none-eabi/14.3.1/thumb/v7e-m+fp/hard/crtn.o
OUTPUT(Proyectoparqueo.elf elf32-littlearm)
LOAD linker stubs
LOAD C:/ST/STM32CubeIDE_2.1.0/STM32CubeIDE/plugins/com.st.stm32cube.ide.mcu.externaltools.gnu-tools-for-stm32.14.3.rel1.win32_1.0.100.202602081740/tools/bin/../lib/gcc/arm-none-eabi/14.3.1/../../../../arm-none-eabi/lib/thumb/v7e-m+fp/hard\libc.a
LOAD C:/ST/STM32CubeIDE_2.1.0/STM32CubeIDE/plugins/com.st.stm32cube.ide.mcu.externaltools.gnu-tools-for-stm32.14.3.rel1.win32_1.0.100.202602081740/tools/bin/../lib/gcc/arm-none-eabi/14.3.1/../../../../arm-none-eabi/lib/thumb/v7e-m+fp/hard\libm.a
LOAD C:/ST/STM32CubeIDE_2.1.0/STM32CubeIDE/plugins/com.st.stm32cube.ide.mcu.externaltools.gnu-tools-for-stm32.14.3.rel1.win32_1.0.100.202602081740/tools/bin/../lib/gcc/arm-none-eabi/14.3.1/thumb/v7e-m+fp/hard\libgcc.a

.debug_info     0x00000000     0xbdf9
 .debug_info    0x00000000      0x258 ./Core/Src/7seg.o
 .debug_info    0x00000258     0x1346 ./Core/Src/main.o
 .debug_info    0x0000159e      0xed9 ./Core/Src/stm32f4xx_hal_msp.o
 .debug_info    0x00002477      0x703 ./Core/Src/stm32f4xx_it.o
 .debug_info    0x00002b7a      0x54a ./Core/Src/system_stm32f4xx.o
 .debug_info    0x000030c4       0x30 ./Core/Startup/startup_stm32f446retx.o
 .debug_info    0x000030f4      0x99a ./Drivers/STM32F4xx_HAL_Driver/Src/stm32f4xx_hal.o
 .debug_info    0x00003a8e      0xdaa ./Drivers/STM32F4xx_HAL_Driver/Src/stm32f4xx_hal_cortex.o
 .debug_info    0x00004838      0x8e7 ./Drivers/STM32F4xx_HAL_Driver/Src/stm32f4xx_hal_dma.o
 .debug_info    0x0000511f      0x70b ./Drivers/STM32F4xx_HAL_Driver/Src/stm32f4xx_hal_gpio.o
 .debug_info    0x0000582a     0x2421 ./Drivers/STM32F4xx_HAL_Driver/Src/stm32f4xx_hal_i2c.o
 .debug_info    0x00007c4b      0x8ff ./Drivers/STM32F4xx_HAL_Driver/Src/stm32f4xx_hal_rcc.o
 .debug_info    0x0000854a      0x960 ./Drivers/STM32F4xx_HAL_Driver/Src/stm32f4xx_hal_rcc_ex.o
 .debug_info    0x00008eaa     0x2f4f ./Drivers/STM32F4xx_HAL_Driver/Src/stm32f4xx_hal_uart.o

.debug_abbrev   0x00000000     0x1ca1
 .debug_abbrev  0x00000000      0x162 ./Core/Src/7seg.o
 .debug_abbrev  0x00000162      0x2aa ./Core/Src/main.o
 .debug_abbrev  0x0000040c      0x1cc ./Core/Src/stm32f4xx_hal_msp.o
 .debug_abbrev  0x000005d8      0x19f ./Core/Src/stm32f4xx_it.o
 .debug_abbrev  0x00000777      0x11a ./Core/Src/system_stm32f4xx.o
 .debug_abbrev  0x00000891       0x24 ./Core/Startup/startup_stm32f446retx.o
 .debug_abbrev  0x000008b5      0x214 ./Drivers/STM32F4xx_HAL_Driver/Src/stm32f4xx_hal.o
 .debug_abbrev  0x00000ac9      0x31d ./Drivers/STM32F4xx_HAL_Driver/Src/stm32f4xx_hal_cortex.o
 .debug_abbrev  0x00000de6      0x264 ./Drivers/STM32F4xx_HAL_Driver/Src/stm32f4xx_hal_dma.o
 .debug_abbrev  0x0000104a      0x1d4 ./Drivers/STM32F4xx_HAL_Driver/Src/stm32f4xx_hal_gpio.o
 .debug_abbrev  0x0000121e      0x2ad ./Drivers/STM32F4xx_HAL_Driver/Src/stm32f4xx_hal_i2c.o
 .debug_abbrev  0x000014cb      0x2b7 ./Drivers/STM32F4xx_HAL_Driver/Src/stm32f4xx_hal_rcc.o
 .debug_abbrev  0x00001782      0x211 ./Drivers/STM32F4xx_HAL_Driver/Src/stm32f4xx_hal_rcc_ex.o
 .debug_abbrev  0x00001993      0x30e ./Drivers/STM32F4xx_HAL_Driver/Src/stm32f4xx_hal_uart.o

.debug_aranges  0x00000000      0xa68
 .debug_aranges
                0x00000000       0x20 ./Core/Src/7seg.o
 .debug_aranges
                0x00000020       0x70 ./Core/Src/main.o
 .debug_aranges
                0x00000090       0x40 ./Core/Src/stm32f4xx_hal_msp.o
 .debug_aranges
                0x000000d0       0x90 ./Core/Src/stm32f4xx_it.o
 .debug_aranges
                0x00000160       0x28 ./Core/Src/system_stm32f4xx.o
 .debug_aranges
                0x00000188       0x28 ./Core/Startup/startup_stm32f446retx.o
 .debug_aranges
                0x000001b0       0xf0 ./Drivers/STM32F4xx_HAL_Driver/Src/stm32f4xx_hal.o
 .debug_aranges
                0x000002a0      0x130 ./Drivers/STM32F4xx_HAL_Driver/Src/stm32f4xx_hal_cortex.o
 .debug_aranges
                0x000003d0       0x90 ./Drivers/STM32F4xx_HAL_Driver/Src/stm32f4xx_hal_dma.o
 .debug_aranges
                0x00000460       0x58 ./Drivers/STM32F4xx_HAL_Driver/Src/stm32f4xx_hal_gpio.o
 .debug_aranges
                0x000004b8      0x2a8 ./Drivers/STM32F4xx_HAL_Driver/Src/stm32f4xx_hal_i2c.o
 .debug_aranges
                0x00000760       0x88 ./Drivers/STM32F4xx_HAL_Driver/Src/stm32f4xx_hal_rcc.o
 .debug_aranges
                0x000007e8       0x78 ./Drivers/STM32F4xx_HAL_Driver/Src/stm32f4xx_hal_rcc_ex.o
 .debug_aranges
                0x00000860      0x208 ./Drivers/STM32F4xx_HAL_Driver/Src/stm32f4xx_hal_uart.o

.debug_rnglists
                0x00000000      0x827
 .debug_rnglists
                0x00000000       0x13 ./Core/Src/7seg.o
 .debug_rnglists
                0x00000013       0x53 ./Core/Src/main.o
 .debug_rnglists
                0x00000066       0x2d ./Core/Src/stm32f4xx_hal_msp.o
 .debug_rnglists
                0x00000093       0x67 ./Core/Src/stm32f4xx_it.o
 .debug_rnglists
                0x000000fa       0x1a ./Core/Src/system_stm32f4xx.o
 .debug_rnglists
                0x00000114       0x19 ./Core/Startup/startup_stm32f446retx.o
 .debug_rnglists
                0x0000012d       0xaf ./Drivers/STM32F4xx_HAL_Driver/Src/stm32f4xx_hal.o
 .debug_rnglists
                0x000001dc       0xe0 ./Drivers/STM32F4xx_HAL_Driver/Src/stm32f4xx_hal_cortex.o
 .debug_rnglists
                0x000002bc       0x70 ./Drivers/STM32F4xx_HAL_Driver/Src/stm32f4xx_hal_dma.o
 .debug_rnglists
                0x0000032c       0x3f ./Drivers/STM32F4xx_HAL_Driver/Src/stm32f4xx_hal_gpio.o
 .debug_rnglists
                0x0000036b      0x23c ./Drivers/STM32F4xx_HAL_Driver/Src/stm32f4xx_hal_i2c.o
 .debug_rnglists
                0x000005a7       0x66 ./Drivers/STM32F4xx_HAL_Driver/Src/stm32f4xx_hal_rcc.o
 .debug_rnglists
                0x0000060d       0x5e ./Drivers/STM32F4xx_HAL_Driver/Src/stm32f4xx_hal_rcc_ex.o
 .debug_rnglists
                0x0000066b      0x1bc ./Drivers/STM32F4xx_HAL_Driver/Src/stm32f4xx_hal_uart.o

.debug_macro    0x00000000    0x216a6
 .debug_macro   0x00000000      0x1ec ./Core/Src/7seg.o
 .debug_macro   0x000001ec      0xad8 ./Core/Src/7seg.o
 .debug_macro   0x00000cc4      0x29b ./Core/Src/7seg.o
 .debug_macro   0x00000f5f       0x2e ./Core/Src/7seg.o
 .debug_macro   0x00000f8d       0x28 ./Core/Src/7seg.o
 .debug_macro   0x00000fb5       0x22 ./Core/Src/7seg.o
 .debug_macro   0x00000fd7       0x8e ./Core/Src/7seg.o
 .debug_macro   0x00001065       0x51 ./Core/Src/7seg.o
 .debug_macro   0x000010b6      0x103 ./Core/Src/7seg.o
 .debug_macro   0x000011b9       0x6a ./Core/Src/7seg.o
 .debug_macro   0x00001223      0x1df ./Core/Src/7seg.o
 .debug_macro   0x00001402       0x1c ./Core/Src/7seg.o
 .debug_macro   0x0000141e       0x22 ./Core/Src/7seg.o
 .debug_macro   0x00001440       0xfb ./Core/Src/7seg.o
 .debug_macro   0x0000153b     0x1011 ./Core/Src/7seg.o
 .debug_macro   0x0000254c      0x11f ./Core/Src/7seg.o
 .debug_macro   0x0000266b    0x1675e ./Core/Src/7seg.o
 .debug_macro   0x00018dc9       0x6d ./Core/Src/7seg.o
 .debug_macro   0x00018e36     0x3693 ./Core/Src/7seg.o
 .debug_macro   0x0001c4c9      0x190 ./Core/Src/7seg.o
 .debug_macro   0x0001c659       0x5c ./Core/Src/7seg.o
 .debug_macro   0x0001c6b5      0xca5 ./Core/Src/7seg.o
 .debug_macro   0x0001d35a      0x9e9 ./Core/Src/7seg.o
 .debug_macro   0x0001dd43      0x115 ./Core/Src/7seg.o
 .debug_macro   0x0001de58      0x1a0 ./Core/Src/7seg.o
 .debug_macro   0x0001dff8       0xa5 ./Core/Src/7seg.o
 .debug_macro   0x0001e09d      0x16d ./Core/Src/7seg.o
 .debug_macro   0x0001e20a      0x287 ./Core/Src/7seg.o
 .debug_macro   0x0001e491       0x5f ./Core/Src/7seg.o
 .debug_macro   0x0001e4f0      0x236 ./Core/Src/7seg.o
 .debug_macro   0x0001e726      0x132 ./Core/Src/7seg.o
 .debug_macro   0x0001e858      0x29c ./Core/Src/7seg.o
 .debug_macro   0x0001eaf4       0x2e ./Core/Src/7seg.o
 .debug_macro   0x0001eb22      0x1b5 ./Core/Src/7seg.o
 .debug_macro   0x0001ecd7       0x22 ./Core/Src/7seg.o
 .debug_macro   0x0001ecf9       0xd6 ./Core/Src/7seg.o
 .debug_macro   0x0001edcf      0x127 ./Core/Src/7seg.o
 .debug_macro   0x0001eef6       0xe8 ./Core/Src/7seg.o
 .debug_macro   0x0001efde       0x89 ./Core/Src/7seg.o
 .debug_macro   0x0001f067      0x2aa ./Core/Src/7seg.o
 .debug_macro   0x0001f311      0x126 ./Core/Src/7seg.o
 .debug_macro   0x0001f437       0xfa ./Core/Src/7seg.o
 .debug_macro   0x0001f531      0x2dd ./Core/Src/main.o
 .debug_macro   0x0001f80e       0x22 ./Core/Src/main.o
 .debug_macro   0x0001f830       0x61 ./Core/Src/main.o
 .debug_macro   0x0001f891       0x2a ./Core/Src/main.o
 .debug_macro   0x0001f8bb       0x43 ./Core/Src/main.o
 .debug_macro   0x0001f8fe       0x34 ./Core/Src/main.o
 .debug_macro   0x0001f932       0x16 ./Core/Src/main.o
 .debug_macro   0x0001f948       0x3c ./Core/Src/main.o
 .debug_macro   0x0001f984      0x364 ./Core/Src/main.o
 .debug_macro   0x0001fce8       0x10 ./Core/Src/main.o
 .debug_macro   0x0001fcf8       0x16 ./Core/Src/main.o
 .debug_macro   0x0001fd0e       0x4a ./Core/Src/main.o
 .debug_macro   0x0001fd58       0x34 ./Core/Src/main.o
 .debug_macro   0x0001fd8c       0x10 ./Core/Src/main.o
 .debug_macro   0x0001fd9c       0x58 ./Core/Src/main.o
 .debug_macro   0x0001fdf4       0x8e ./Core/Src/main.o
 .debug_macro   0x0001fe82       0x1c ./Core/Src/main.o
 .debug_macro   0x0001fe9e      0x17e ./Core/Src/main.o
 .debug_macro   0x0002001c       0x16 ./Core/Src/main.o
 .debug_macro   0x00020032       0x16 ./Core/Src/main.o
 .debug_macro   0x00020048      0x146 ./Core/Src/main.o
 .debug_macro   0x0002018e      0x1e2 ./Core/Src/stm32f4xx_hal_msp.o
 .debug_macro   0x00020370      0x1ec ./Core/Src/stm32f4xx_it.o
 .debug_macro   0x0002055c      0x1d3 ./Core/Src/system_stm32f4xx.o
 .debug_macro   0x0002072f      0x233 ./Drivers/STM32F4xx_HAL_Driver/Src/stm32f4xx_hal.o
 .debug_macro   0x00020962      0x1d3 ./Drivers/STM32F4xx_HAL_Driver/Src/stm32f4xx_hal_cortex.o
 .debug_macro   0x00020b35      0x1d9 ./Drivers/STM32F4xx_HAL_Driver/Src/stm32f4xx_hal_dma.o
 .debug_macro   0x00020d0e      0x1d9 ./Drivers/STM32F4xx_HAL_Driver/Src/stm32f4xx_hal_gpio.o
 .debug_macro   0x00020ee7      0x221 ./Drivers/STM32F4xx_HAL_Driver/Src/stm32f4xx_hal_i2c.o
 .debug_macro   0x00021108      0x1f7 ./Drivers/STM32F4xx_HAL_Driver/Src/stm32f4xx_hal_rcc.o
 .debug_macro   0x000212ff      0x1d3 ./Drivers/STM32F4xx_HAL_Driver/Src/stm32f4xx_hal_rcc_ex.o
 .debug_macro   0x000214d2      0x1d4 ./Drivers/STM32F4xx_HAL_Driver/Src/stm32f4xx_hal_uart.o

.debug_line     0x00000000     0xe1c2
 .debug_line    0x00000000      0x760 ./Core/Src/7seg.o
 .debug_line    0x00000760      0xb76 ./Core/Src/main.o
 .debug_line    0x000012d6      0x7ec ./Core/Src/stm32f4xx_hal_msp.o
 .debug_line    0x00001ac2      0x88a ./Core/Src/stm32f4xx_it.o
 .debug_line    0x0000234c      0x7c0 ./Core/Src/system_stm32f4xx.o
 .debug_line    0x00002b0c       0x7a ./Core/Startup/startup_stm32f446retx.o
 .debug_line    0x00002b86      0xa3f ./Drivers/STM32F4xx_HAL_Driver/Src/stm32f4xx_hal.o
 .debug_line    0x000035c5      0xd0c ./Drivers/STM32F4xx_HAL_Driver/Src/stm32f4xx_hal_cortex.o
 .debug_line    0x000042d1      0xfa8 ./Drivers/STM32F4xx_HAL_Driver/Src/stm32f4xx_hal_dma.o
 .debug_line    0x00005279      0xb7d ./Drivers/STM32F4xx_HAL_Driver/Src/stm32f4xx_hal_gpio.o
 .debug_line    0x00005df6     0x3ae9 ./Drivers/STM32F4xx_HAL_Driver/Src/stm32f4xx_hal_i2c.o
 .debug_line    0x000098df      0xe57 ./Drivers/STM32F4xx_HAL_Driver/Src/stm32f4xx_hal_rcc.o
 .debug_line    0x0000a736     0x1508 ./Drivers/STM32F4xx_HAL_Driver/Src/stm32f4xx_hal_rcc_ex.o
 .debug_line    0x0000bc3e     0x2584 ./Drivers/STM32F4xx_HAL_Driver/Src/stm32f4xx_hal_uart.o

.debug_str      0x00000000    0xcaef1
 .debug_str     0x00000000    0xcaef1 ./Core/Src/7seg.o
                              0xc43cb (size before relaxing)
 .debug_str     0x000caef1    0xc8c2c ./Core/Src/main.o
 .debug_str     0x000caef1    0xc517f ./Core/Src/stm32f4xx_hal_msp.o
 .debug_str     0x000caef1    0xc4957 ./Core/Src/stm32f4xx_it.o
 .debug_str     0x000caef1    0xc4171 ./Core/Src/system_stm32f4xx.o
 .debug_str     0x000caef1       0x8d ./Core/Startup/startup_stm32f446retx.o
 .debug_str     0x000caef1    0xc4d36 ./Drivers/STM32F4xx_HAL_Driver/Src/stm32f4xx_hal.o
 .debug_str     0x000caef1    0xc4a8d ./Drivers/STM32F4xx_HAL_Driver/Src/stm32f4xx_hal_cortex.o
 .debug_str     0x000caef1    0xc4566 ./Drivers/STM32F4xx_HAL_Driver/Src/stm32f4xx_hal_dma.o
 .debug_str     0x000caef1    0xc42ec ./Drivers/STM32F4xx_HAL_Driver/Src/stm32f4xx_hal_gpio.o
 .debug_str     0x000caef1    0xc516f ./Drivers/STM32F4xx_HAL_Driver/Src/stm32f4xx_hal_i2c.o
 .debug_str     0x000caef1    0xc45aa ./Drivers/STM32F4xx_HAL_Driver/Src/stm32f4xx_hal_rcc.o
 .debug_str     0x000caef1    0xc45dd ./Drivers/STM32F4xx_HAL_Driver/Src/stm32f4xx_hal_rcc_ex.o
 .debug_str     0x000caef1    0xc4b61 ./Drivers/STM32F4xx_HAL_Driver/Src/stm32f4xx_hal_uart.o

.comment        0x00000000       0x43
 .comment       0x00000000       0x43 ./Core/Src/7seg.o
                                 0x44 (size before relaxing)
 .comment       0x00000043       0x44 ./Core/Src/main.o
 .comment       0x00000043       0x44 ./Core/Src/stm32f4xx_hal_msp.o
 .comment       0x00000043       0x44 ./Core/Src/stm32f4xx_it.o
 .comment       0x00000043       0x44 ./Core/Src/system_stm32f4xx.o
 .comment       0x00000043       0x44 ./Drivers/STM32F4xx_HAL_Driver/Src/stm32f4xx_hal.o
 .comment       0x00000043       0x44 ./Drivers/STM32F4xx_HAL_Driver/Src/stm32f4xx_hal_cortex.o
 .comment       0x00000043       0x44 ./Drivers/STM32F4xx_HAL_Driver/Src/stm32f4xx_hal_dma.o
 .comment       0x00000043       0x44 ./Drivers/STM32F4xx_HAL_Driver/Src/stm32f4xx_hal_gpio.o
 .comment       0x00000043       0x44 ./Drivers/STM32F4xx_HAL_Driver/Src/stm32f4xx_hal_i2c.o
 .comment       0x00000043       0x44 ./Drivers/STM32F4xx_HAL_Driver/Src/stm32f4xx_hal_rcc.o
 .comment       0x00000043       0x44 ./Drivers/STM32F4xx_HAL_Driver/Src/stm32f4xx_hal_rcc_ex.o
 .comment       0x00000043       0x44 ./Drivers/STM32F4xx_HAL_Driver/Src/stm32f4xx_hal_uart.o

.debug_frame    0x00000000     0x28d4
 .debug_frame   0x00000000       0x38 ./Core/Src/7seg.o
 .debug_frame   0x00000038      0x178 ./Core/Src/main.o
 .debug_frame   0x000001b0       0xc4 ./Core/Src/stm32f4xx_hal_msp.o
 .debug_frame   0x00000274      0x1a0 ./Core/Src/stm32f4xx_it.o
 .debug_frame   0x00000414       0x50 ./Core/Src/system_stm32f4xx.o
 .debug_frame   0x00000464      0x31c ./Drivers/STM32F4xx_HAL_Driver/Src/stm32f4xx_hal.o
 .debug_frame   0x00000780      0x4b8 ./Drivers/STM32F4xx_HAL_Driver/Src/stm32f4xx_hal_cortex.o
 .debug_frame   0x00000c38      0x230 ./Drivers/STM32F4xx_HAL_Driver/Src/stm32f4xx_hal_dma.o
 .debug_frame   0x00000e68      0x130 ./Drivers/STM32F4xx_HAL_Driver/Src/stm32f4xx_hal_gpio.o
 .debug_frame   0x00000f98      0xbf4 ./Drivers/STM32F4xx_HAL_Driver/Src/stm32f4xx_hal_i2c.o
 .debug_frame   0x00001b8c      0x1d8 ./Drivers/STM32F4xx_HAL_Driver/Src/stm32f4xx_hal_rcc.o
 .debug_frame   0x00001d64      0x1d8 ./Drivers/STM32F4xx_HAL_Driver/Src/stm32f4xx_hal_rcc_ex.o
 .debug_frame   0x00001f3c      0x8ec ./Drivers/STM32F4xx_HAL_Driver/Src/stm32f4xx_hal_uart.o
 .debug_frame   0x00002828       0x20 C:/ST/STM32CubeIDE_2.1.0/STM32CubeIDE/plugins/com.st.stm32cube.ide.mcu.externaltools.gnu-tools-for-stm32.14.3.rel1.win32_1.0.100.202602081740/tools/bin/../lib/gcc/arm-none-eabi/14.3.1/../../../../arm-none-eabi/lib/thumb/v7e-m+fp/hard\libc_nano.a(libc_a-memset.o)
 .debug_frame   0x00002848       0x2c C:/ST/STM32CubeIDE_2.1.0/STM32CubeIDE/plugins/com.st.stm32cube.ide.mcu.externaltools.gnu-tools-for-stm32.14.3.rel1.win32_1.0.100.202602081740/tools/bin/../lib/gcc/arm-none-eabi/14.3.1/../../../../arm-none-eabi/lib/thumb/v7e-m+fp/hard\libc_nano.a(libc_a-init.o)
 .debug_frame   0x00002874       0x2c C:/ST/STM32CubeIDE_2.1.0/STM32CubeIDE/plugins/com.st.stm32cube.ide.mcu.externaltools.gnu-tools-for-stm32.14.3.rel1.win32_1.0.100.202602081740/tools/bin/../lib/gcc/arm-none-eabi/14.3.1/thumb/v7e-m+fp/hard\libgcc.a(_aeabi_uldivmod.o)
 .debug_frame   0x000028a0       0x34 C:/ST/STM32CubeIDE_2.1.0/STM32CubeIDE/plugins/com.st.stm32cube.ide.mcu.externaltools.gnu-tools-for-stm32.14.3.rel1.win32_1.0.100.202602081740/tools/bin/../lib/gcc/arm-none-eabi/14.3.1/thumb/v7e-m+fp/hard\libgcc.a(_udivmoddi4.o)

.debug_line_str
                0x00000000       0x71
 .debug_line_str
                0x00000000       0x71 ./Core/Startup/startup_stm32f446retx.o
