../Core/Src/main.c:107:5:pressForFrecuency	16	static
../Core/Src/main.c:113:6:playTone	40	static
../Core/Src/main.c:127:6:noTone	4	static
../Core/Src/main.c:137:5:main	16	static
../Core/Src/main.c:190:6:SystemClock_Config	88	static
../Core/Src/main.c:238:13:MX_TIM1_Init	96	static
../Core/Src/main.c:312:13:MX_USART1_UART_Init	8	static
../Core/Src/main.c:345:13:MX_USART2_UART_Init	8	static
../Core/Src/main.c:378:13:MX_USART3_UART_Init	8	static
../Core/Src/main.c:411:13:MX_GPIO_Init	48	static
../Core/Src/main.c:446:6:HAL_UART_RxCpltCallback	104	static
../Core/Src/main.c:485:6:Error_Handler	4	static,ignoring_inline_asm
