../Core/Src/main.c:97:5:main	5
../Core/Src/main.c:171:6:SystemClock_Config	3
../Core/Src/main.c:219:13:MX_I2C1_Init	2
../Core/Src/main.c:253:13:MX_TIM1_Init	7
../Core/Src/main.c:328:13:MX_USART2_UART_Init	2
../Core/Src/main.c:359:13:MX_DMA_Init	1
../Core/Src/main.c:377:13:MX_GPIO_Init	1
../Core/Src/main.c:456:6:HAL_GPIO_EXTI_Callback	17
../Core/Src/main.c:523:6:HAL_I2C_ListenCpltCallback	1
../Core/Src/main.c:527:6:HAL_I2C_SlaveRxCpltCallback	5
../Core/Src/main.c:548:6:HAL_I2C_AddrCallback	5
../Core/Src/main.c:563:6:HAL_I2C_ErrorCallback	2
../Core/Src/main.c:574:6:Error_Handler	1
