../Core/Src/main.c:103:5:main	14
../Core/Src/main.c:220:6:SystemClock_Config	3
../Core/Src/main.c:268:13:MX_ADC1_Init	6
../Core/Src/main.c:347:13:MX_I2C1_Init	2
../Core/Src/main.c:381:13:MX_TIM1_Init	7
../Core/Src/main.c:456:13:MX_USART2_UART_Init	2
../Core/Src/main.c:487:13:MX_DMA_Init	1
../Core/Src/main.c:508:13:MX_GPIO_Init	1
../Core/Src/main.c:666:6:HAL_I2C_ListenCpltCallback	1
../Core/Src/main.c:670:6:HAL_I2C_SlaveRxCpltCallback	5
../Core/Src/main.c:691:6:HAL_I2C_AddrCallback	5
../Core/Src/main.c:706:6:HAL_I2C_ErrorCallback	2
../Core/Src/main.c:717:6:Error_Handler	1
