../Core/Src/main.c:84:5:main	8	static
../Core/Src/main.c:133:6:SystemClock_Config	88	static
../Core/Src/main.c:181:13:MX_I2C1_Init	8	static
../Core/Src/main.c:215:13:MX_USART2_UART_Init	8	static
../Core/Src/main.c:248:13:MX_GPIO_Init	48	static
../Core/Src/main.c:327:6:HAL_GPIO_EXTI_Callback	16	static
../Core/Src/main.c:379:6:HAL_I2C_ListenCpltCallback	16	static
../Core/Src/main.c:383:6:HAL_I2C_SlaveRxCpltCallback	16	static
../Core/Src/main.c:404:6:HAL_I2C_AddrCallback	16	static
../Core/Src/main.c:418:6:HAL_I2C_ErrorCallback	16	static
../Core/Src/main.c:429:6:Error_Handler	4	static,ignoring_inline_asm
