../Core/Src/main.c:97:5:main	16	static
../Core/Src/main.c:171:6:SystemClock_Config	88	static
../Core/Src/main.c:219:13:MX_I2C1_Init	8	static
../Core/Src/main.c:253:13:MX_TIM1_Init	96	static
../Core/Src/main.c:328:13:MX_USART2_UART_Init	8	static
../Core/Src/main.c:359:13:MX_DMA_Init	16	static
../Core/Src/main.c:377:13:MX_GPIO_Init	48	static
../Core/Src/main.c:456:6:HAL_GPIO_EXTI_Callback	16	static
../Core/Src/main.c:523:6:HAL_I2C_ListenCpltCallback	16	static
../Core/Src/main.c:527:6:HAL_I2C_SlaveRxCpltCallback	16	static
../Core/Src/main.c:548:6:HAL_I2C_AddrCallback	16	static
../Core/Src/main.c:563:6:HAL_I2C_ErrorCallback	16	static
../Core/Src/main.c:574:6:Error_Handler	4	static,ignoring_inline_asm
